path : /home/ubuntu/ai/patent_valid_20.csv, test_accuracy: 46.862%
